// Jest Snapshot v1, https://goo.gl/fbAQLP

exports[`stereoMap.bottomMenuClick 0 1`] = `undefined`;

exports[`stereoMap.bottomMenuClick 1 1`] = `undefined`;

exports[`stereoMap.bottomMenuClick 2 1`] = `undefined`;

exports[`stereoMap.bottomMenuClick 5 1`] = `undefined`;

exports[`stereoMap.braun 0 1`] = `
Object {
  "x": 0.4666666666666667,
  "y": -0.2904613796544818,
}
`;

exports[`stereoMap.braun 1 1`] = `
Object {
  "lat": -112.02674660808748,
  "lon": 12,
  "wgs": true,
}
`;

exports[`stereoMap.hideSideMenus 0 1`] = `undefined`;

exports[`stereoMap.mapMenuClick 0 1`] = `undefined`;

exports[`stereoMap.onCruncherMessage 0 1`] = `undefined`;

exports[`stereoMap.options 0 1`] = `
Object {
  "latLimit": 90,
  "meridian": 0,
  "standardParallel": 0,
  "test": "test",
}
`;

exports[`stereoMap.uiManagerInit 0 1`] = `undefined`;

exports[`stereoMap.updateMap 0 1`] = `undefined`;

exports[`stereoMap.updateMap 1 1`] = `undefined`;
