// Jest Snapshot v1, https://goo.gl/fbAQLP

exports[`collisions.bottomMenuClick 0 1`] = `undefined`;

exports[`collisions.bottomMenuClick 1 1`] = `[Function]`;

exports[`collisions.bottomMenuClick 2 1`] = `undefined`;

exports[`collisions.hideSideMenus 0 1`] = `undefined`;

exports[`collisions.init 0 1`] = `undefined`;

exports[`collisions.onCruncherMessage 0 1`] = `undefined`;

exports[`collisions.onCruncherMessage 1 1`] = `undefined`;

exports[`collisions.processSocratesHtm 0 1`] = `undefined`;

exports[`collisions.socrates 0 1`] = `undefined`;

exports[`collisions.socrates 3 1`] = `undefined`;

exports[`collisions.socrates 4 1`] = `undefined`;

exports[`collisions.uiManagerInit 0 1`] = `undefined`;
