// Jest Snapshot v1, https://goo.gl/fbAQLP

exports[`externalApi.isThisJest 1 1`] = `true`;
