// Jest Snapshot v1, https://goo.gl/fbAQLP

exports[`getOrbitByLatLon.getOrbitByLatLon 3 1`] = `
Array [
  "Error",
  "",
]
`;

exports[`getOrbitByLatLon.getOrbitByLatLon 4 1`] = `
Array [
  "Error",
  "",
]
`;

exports[`getOrbitByLatLon.getOrbitByLatLon 5 1`] = `[Function]`;
