// Jest Snapshot v1, https://goo.gl/fbAQLP

exports[`draw 0 1`] = `undefined`;

exports[`draw 5 1`] = `undefined`;

exports[`set 0 1`] = `undefined`;
